d:\сем7\compgraphics\module3\r\x64\release\vc143.pdb
d:\сем7\compgraphics\module3\r\x64\release\opengl2.obj
d:\сем7\compgraphics\module3\r\x64\release\opengl2.exe
d:\сем7\compgraphics\module3\r\x64\release\opengl2.pdb
d:\сем7\compgraphics\module3\r\x64\release\opengl2.ipdb
d:\сем7\compgraphics\module3\r\x64\release\opengl2.iobj
d:\сем7\compgraphics\module3\r\x64\release\sfml-graphics-2.dll
d:\сем7\compgraphics\module3\r\x64\release\sfml-window-2.dll
d:\сем7\compgraphics\module3\r\x64\release\sfml-system-2.dll
d:\сем7\compgraphics\module3\r\x64\release\freetype.dll
d:\сем7\compgraphics\module3\r\x64\release\zlib1.dll
d:\сем7\compgraphics\module3\r\x64\release\bz2.dll
d:\сем7\compgraphics\module3\r\x64\release\libpng16.dll
d:\сем7\compgraphics\module3\r\x64\release\brotlidec.dll
d:\сем7\compgraphics\module3\r\x64\release\brotlicommon.dll
d:\сем7\compgraphics\module3\r\x64\release\opengl2.tlog\cl.command.1.tlog
d:\сем7\compgraphics\module3\r\x64\release\opengl2.tlog\cl.read.1.tlog
d:\сем7\compgraphics\module3\r\x64\release\opengl2.tlog\cl.write.1.tlog
d:\сем7\compgraphics\module3\r\x64\release\opengl2.tlog\link.command.1.tlog
d:\сем7\compgraphics\module3\r\x64\release\opengl2.tlog\link.read.1.tlog
d:\сем7\compgraphics\module3\r\x64\release\opengl2.tlog\link.write.1.tlog
d:\сем7\compgraphics\module3\r\x64\release\opengl2.tlog\opengl2.write.1u.tlog
